Microchip MPLAB XC8 Compiler V2.20

Linker command line:

-W-3 --edf=C:\Program Files\Microchip\xc8\v2.20\pic\dat\en_msgs.txt -cn \
  -h+dist/default/production\Electric_Heater.X.production.sym \
  --cmf=dist/default/production\Electric_Heater.X.production.cmf -z \
  -Q16F877A -oC:\Users\Admin\AppData\Local\Temp\sq94.2 \
  --defsym=__MPLAB_BUILD=1 \
  -Mdist/default/production/Electric_Heater.X.production.map -E1 \
  -ver=XC8 Compiler --acfsm=1493 -ASTACK=0110h-016Fh -pstack=STACK \
  -ACODE=00h-07FFhx4 -ASTRCODE=00h-01FFFh -ASTRING=00h-0FFhx32 \
  -ACONST=00h-0FFhx32 -AENTRY=00h-0FFhx32 -ACOMMON=070h-07Fh \
  -ABANK0=020h-06Fh -ABANK1=0A0h-0EFh -ABANK2=0110h-016Fh \
  -ABANK3=0190h-01EFh -ARAM=020h-06Fh,0A0h-0EFh,0110h-016Fh,0190h-01EFh \
  -AABS1=020h-07Fh,0A0h-0EFh,0110h-016Fh,0190h-01EFh -ASFR0=00h-01Fh \
  -ASFR1=080h-09Fh -ASFR2=0100h-010Fh -ASFR3=0180h-018Fh \
  -ACONFIG=02007h-02007h -DCONFIG=2 -AIDLOC=02000h-02003h -DIDLOC=2 \
  -preset_vec=00h,intentry=04h,init,end_init -ppowerup=CODE -pcinit=CODE \
  -pfunctab=ENTRY -AEEDATA=00h-0FFh/02100h -peeprom_data=EEDATA -DEEDATA=2 \
  -DCODE=2 -DSTRCODE=2 -DSTRING=2 -DCONST=2 -DENTRY=2 -k \
  C:\Users\Admin\AppData\Local\Temp\sq94.o \
  dist/default/production\Electric_Heater.X.production.o 

Object code version is 3.11

Machine type is 16F877A



                Name                               Link     Load   Length Selector   Space Scale
C:\Users\Admin\AppData\Local\Temp\sq94.o
                end_init                             16       16        3        8       0
                reset_vec                             0        0        3        0       0
                config                             2007     2007        1        0       4
dist/default/production\Electric_Heater.X.production.o
                cinit                                19       19       24        8       0
                intentry                              4        4       12        8       0
                config                             2007     2007        1        0       4
                text40                             1557     1557        9     2AAE       0
                text39                             16EA     16EA       3B     2DD4       0
                text38                              39E      39E      294        8       0
                text37                              BD5      BD5      1DD     17AA       0
                text36                              B59      B59       7C     16B2       0
                text35                              632      632       BA        8       0
                text34                              804      804       63     1008       0
                text33                              DB2      DB2      24E     1B64       0
                text32                             168D     168D       27     2D1A       0
                text31                               3D       3D      361        8       0
                text30                              8CC      8CC       66     1198       0
                text29                              770      770       80        8       0
                text28                             1761     1761       46     2EC2       0
                text27                             1725     1725       3C     2E4A       0
                text26                              A04      A04       6C     1408       0
                text25                              867      867       65     10CE       0
                text24                             1590     1590        D     2B20       0
                text23                             1584     1584        C     2B08       0
                text22                             1560     1560        9     2AC0       0
                text21                             1569     1569        9     2AD2       0
                text20                             1572     1572        9     2AE4       0
                text19                             1610     1610       19     2C20       0
                text18                             15F9     15F9       17     2BF2       0
                text17                              99A      99A       6A     1334       0
                text16                             15CF     15CF       14     2B9E       0
                text15                             17A7     17A7       59     2F4E       0
                text14                              932      932       68     1264       0
                text13                             16B4     16B4       36     2D68       0
                text12                             1646     1646       23     2C8C       0
                text11                              6EC      6EC       84        8       0
                text10                              AE1      AE1       78     15C2       0
                text9                               A70      A70       71     14E0       0
                text8                              1541     1541        6     2A82       0
                text7                              157B     157B        9     2AF6       0
                text6                               800      800        4     1000       0
                text5                              1547     1547        8     2A8E       0
                text4                              15E3     15E3       16     2BC6       0
                text3                              15AB     15AB       11     2B56       0
                text2                               7F0      7F0        F        8       0
                text1                              1669     1669       24     2CD2       0
                maintext                           1629     1629       1D     2C52       0
                cstackBANK0                          20       20       4F       20       1
                cstackCOMMON                         70       70        E       70       1
                cstackBANK1                          A0       A0       29       A0       1
                clrtext                            154F     154F        8     2A9E       0
                inittext                           15BC     15BC       13     2B78       0
                bssBANK3                            190      190       28      190       1
                dataBANK1                            DB       DB        E       A0       1
                bssBANK1                             C9       C9       12       A0       1
                idataBANK1                         159D     159D        E     2B3A       0

TOTAL           Name                               Link     Load   Length     Space
        CLASS   STACK          

        CLASS   CODE           
                end_init                             16       16        3         0
                cinit                                19       19       24         0
                intentry                              4        4       12         0
                reset_vec                             0        0        3         0
                text40                             1557     1557        9         0
                text39                             16EA     16EA       3B         0
                text38                              39E      39E      294         0
                text37                              BD5      BD5      1DD         0
                text36                              B59      B59       7C         0
                text35                              632      632       BA         0
                text34                              804      804       63         0
                text33                              DB2      DB2      24E         0
                text32                             168D     168D       27         0
                text31                               3D       3D      361         0
                text30                              8CC      8CC       66         0
                text29                              770      770       80         0
                text28                             1761     1761       46         0
                text27                             1725     1725       3C         0
                text26                              A04      A04       6C         0
                text25                              867      867       65         0
                text24                             1590     1590        D         0
                text23                             1584     1584        C         0
                text22                             1560     1560        9         0
                text21                             1569     1569        9         0
                text20                             1572     1572        9         0
                text19                             1610     1610       19         0
                text18                             15F9     15F9       17         0
                text17                              99A      99A       6A         0
                text16                             15CF     15CF       14         0
                text15                             17A7     17A7       59         0
                text14                              932      932       68         0
                text13                             16B4     16B4       36         0
                text12                             1646     1646       23         0
                text11                              6EC      6EC       84         0
                text10                              AE1      AE1       78         0
                text9                               A70      A70       71         0
                text8                              1541     1541        6         0
                text7                              157B     157B        9         0
                text6                               800      800        4         0
                text5                              1547     1547        8         0
                text4                              15E3     15E3       16         0
                text3                              15AB     15AB       11         0
                text2                               7F0      7F0        F         0
                text1                              1669     1669       24         0
                maintext                           1629     1629       1D         0
                clrtext                            154F     154F        8         0
                inittext                           15BC     15BC       13         0
                idataBANK1                         159D     159D        E         0

        CLASS   STRCODE        

        CLASS   STRING         

        CLASS   CONST          

        CLASS   ENTRY          

        CLASS   COMMON         
                cstackCOMMON                         70       70        E         1

        CLASS   BANK0          
                cstackBANK0                          20       20       4F         1

        CLASS   BANK1          
                cstackBANK1                          A0       A0       29         1
                dataBANK1                            DB       DB        E         1
                bssBANK1                             C9       C9       12         1

        CLASS   BANK2          

        CLASS   BANK3          
                bssBANK3                            190      190       28         1

        CLASS   RAM            

        CLASS   ABS1           
                abs_s1                               7E       7E        2         1

        CLASS   SFR0           

        CLASS   SFR1           

        CLASS   SFR2           

        CLASS   SFR3           

        CLASS   CONFIG         
                config                             2007     2007        1         4

        CLASS   IDLOC          

        CLASS   EEDATA         



SEGMENTS        Name                           Load    Length   Top    Selector   Space  Class     Delta

                reset_vec                      000000  000003  000003         0       0  CODE        2
                intentry                       000004  0007FB  0007FF         8       0  CODE        2
                cstackBANK0                    000020  00004F  00006F        20       1  BANK0       1
                cstackCOMMON                   000070  00000E  00007E        70       1  COMMON      1
                cstackBANK1                    0000A0  000049  0000E9        A0       1  BANK1       1
                bssBANK3                       000190  000028  0001B8       190       1  BANK3       1
                text6                          000800  000004  000804      1000       0  CODE        2
                text34                         000804  000063  000867      1008       0  CODE        2
                text25                         000867  000065  0008CC      10CE       0  CODE        2
                text30                         0008CC  000066  000932      1198       0  CODE        2
                text14                         000932  000068  00099A      1264       0  CODE        2
                text17                         00099A  00006A  000A04      1334       0  CODE        2
                text26                         000A04  00006C  000A70      1408       0  CODE        2
                text9                          000A70  000071  000AE1      14E0       0  CODE        2
                text10                         000AE1  000078  000B59      15C2       0  CODE        2
                text36                         000B59  00007C  000BD5      16B2       0  CODE        2
                text37                         000BD5  0001DD  000DB2      17AA       0  CODE        2
                text33                         000DB2  00024E  001000      1B64       0  CODE        2
                text8                          001541  000006  001547      2A82       0  CODE        2
                text5                          001547  000008  00154F      2A8E       0  CODE        2
                clrtext                        00154F  000008  001557      2A9E       0  CODE        2
                text40                         001557  000009  001560      2AAE       0  CODE        2
                text22                         001560  000009  001569      2AC0       0  CODE        2
                text21                         001569  000009  001572      2AD2       0  CODE        2
                text20                         001572  000009  00157B      2AE4       0  CODE        2
                text7                          00157B  000009  001584      2AF6       0  CODE        2
                text23                         001584  00000C  001590      2B08       0  CODE        2
                text24                         001590  00000D  00159D      2B20       0  CODE        2
                idataBANK1                     00159D  00000E  0015AB      2B3A       0  CODE        2
                text3                          0015AB  000011  0015BC      2B56       0  CODE        2
                inittext                       0015BC  000013  0015CF      2B78       0  CODE        2
                text16                         0015CF  000014  0015E3      2B9E       0  CODE        2
                text4                          0015E3  000016  0015F9      2BC6       0  CODE        2
                text18                         0015F9  000017  001610      2BF2       0  CODE        2
                text19                         001610  000019  001629      2C20       0  CODE        2
                maintext                       001629  00001D  001646      2C52       0  CODE        2
                text12                         001646  000023  001669      2C8C       0  CODE        2
                text1                          001669  000024  00168D      2CD2       0  CODE        2
                text32                         00168D  000027  0016B4      2D1A       0  CODE        2
                text13                         0016B4  000036  0016EA      2D68       0  CODE        2
                text39                         0016EA  00003B  001725      2DD4       0  CODE        2
                text27                         001725  00003C  001761      2E4A       0  CODE        2
                text28                         001761  000046  0017A7      2EC2       0  CODE        2
                text15                         0017A7  000059  001800      2F4E       0  CODE        2


UNUSED ADDRESS RANGES

        Name                Unused          Largest block    Delta
        BANK0            006F-006F              1           1
        BANK1            00E9-00EF              7           1
        BANK2            0110-016F             60           1
        BANK3            01B8-01EF             38           1
        CODE             0003-0003              1           2
                         07FF-07FF              1
                         1000-1540            541
                         1800-1FFF            800
        CONST            0003-0003              1           2
                         07FF-07FF              1
                         1000-1540            100
                         1800-1FFF            100
        EEDATA           2100-21FF            100           2
        ENTRY            0003-0003              1           2
                         07FF-07FF              1
                         1000-1540            100
                         1800-1FFF            100
        IDLOC            2000-2003              4           2
        RAM              006F-006F              1           1
                         00E9-00EF              7
                         0110-016F             60
                         01B8-01EF             38
        SFR0             0000-001F             20           1
        SFR1             0080-009F             20           1
        SFR2             0100-010F             10           1
        SFR3             0180-018F             10           1
        STACK            0110-016F             60           1
        STRCODE          0003-0003              1           2
                         07FF-07FF              1
                         1000-1540            541
                         1800-1FFF            800
        STRING           0003-0003              1           2
                         07FF-07FF              1
                         1000-1540            100
                         1800-1FFF            100

                                  Symbol Table

?_ADC_Read                         cstackCOMMON 0070
?_TempSet                          cstackBANK1  00A4
?__Umul8_16                        cstackCOMMON 0070
?___fladd                          cstackCOMMON 0070
?___fldiv                          cstackBANK0  003A
?___flmul                          cstackBANK0  0020
?___fltol                          cstackBANK0  0054
?___lldiv                          cstackBANK1  00A4
?___lwdiv                          cstackBANK1  00A4
?___lwmod                          cstackBANK1  00AB
?___xxtofl                         cstackCOMMON 0070
AverageTemp@j                      cstackBANK0  0061
AverageTemp@j_293                  cstackBANK0  0067
AverageTemp@j_294                  cstackBANK0  0069
AverageTemp@reading                cstackBANK0  0063
AverageTemp@tmp                    cstackBANK0  006B
CurrentTempDisplay@a               cstackBANK1  00B2
CurrentTempDisplay@b               cstackBANK1  00B4
EEPROM_Read@add                    cstackBANK1  00A5
EEPROM_Read@data                   cstackBANK1  00A7
EEPROM_Read@i                      cstackBANK1  00AD
EEPROM_Read@len                    cstackBANK1  00A9
EEPROM_Write@add                   cstackBANK1  00A5
EEPROM_Write@data                  cstackBANK1  00A7
EEPROM_Write@i                     cstackBANK1  00AC
EEPROM_Write@len                   cstackBANK1  00A9
I2C_Master_Init@baud               cstackBANK1  00B2
I2C_Master_Write@data              cstackBANK1  00A4
SettingMode@k                      cstackBANK1  00C7
SettingMode@y                      cstackBANK1  00C5
SettingMode@z                      cstackBANK1  00C3
TempDisplay@a                      cstackBANK1  00BC
TempDisplay@b                      cstackBANK1  00BE
_ACKDT                             (abs)        048D
_ACKEN                             (abs)        048C
_ACKSTAT                           (abs)        048E
_ADCInit                           text40       1557
_ADCON0                            (abs)        001F
_ADCON0bits                        (abs)        001F
_ADCON1                            (abs)        009F
_ADCResult                         bssBANK1     00D9
_ADC_Read                          text39       16EA
_ADRESH                            (abs)        001E
_ADRESL                            (abs)        009E
_AverageTemp                       text33       0DB2
_ButtonsInit                       text8        1541
_CurrentTempDisplay                text26       0A04
_EEPROM_Read                       text17       099A
_EEPROM_Write                      text15       17A7
_ElementInit                       text7        157B
_FetchTemp                         text16       15CF
_Flag                              bssBANK1     00C9
_GIE                               (abs)        005F
_HeatingCoolingElement             text25       0867
_I2C_ACK                           text23       1584
_I2C_Master_Init                   text13       16B4
_I2C_Master_RepeatedStart          text22       1560
_I2C_Master_Start                  text21       1569
_I2C_Master_Stop                   text20       1572
_I2C_Master_Wait                   text24       1590
_I2C_Master_Write                  text19       1610
_I2C_Read_Byte                     text18       15F9
_INTCON                            (abs)        000B
_INTF                              (abs)        0059
_ISR                               text29       0770
_LEDInit                           text6        0800
_OPTION_REG                        (abs)        0081
_OnOff_Int_Init                    text5        1547
_PEIE                              (abs)        005E
_PEN                               (abs)        048A
_PORTA                             (abs)        0005
_PORTAbits                         (abs)        0005
_PORTB                             (abs)        0006
_PORTBbits                         (abs)        0006
_PORTC                             (abs)        0007
_PORTCbits                         (abs)        0007
_PORTD                             (abs)        0008
_RA2                               (abs)        002A
_RA3                               (abs)        002B
_RA4                               (abs)        002C
_RA5                               (abs)        002D
_RCEN                              (abs)        048B
_RSEN                              (abs)        0489
_Readings                          bssBANK3     0190
_SEN                               (abs)        0488
_SSPADD                            (abs)        0093
_SSPBUF                            (abs)        0013
_SSPCON                            (abs)        0014
_SSPCON2                           (abs)        0091
_SSPIF                             (abs)        0063
_SSPSTAT                           (abs)        0094
_SaveTemp                          text12       1646
_SettingMode                       text9        0A70
_SevenSegInit                      text4        15E3
_SysInit                           text1        1669
_T1CON                             (abs)        0010
_T2CON                             (abs)        0012
_TMR1H                             (abs)        000F
_TMR1IE                            (abs)        0460
_TMR1IF                            (abs)        0060
_TMR1L                             (abs)        000E
_TMR1ON                            (abs)        0080
_TMR2                              (abs)        0011
_TMR2IE                            (abs)        0461
_TMR2IF                            (abs)        0061
_TMR2ON                            (abs)        0092
_TRISA4                            (abs)        042C
_TRISA5                            (abs)        042D
_TRISB0                            (abs)        0430
_TRISB1                            (abs)        0431
_TRISB4                            (abs)        0434
_TRISB5                            (abs)        0435
_TRISC2                            (abs)        043A
_TRISC3                            (abs)        043B
_TRISC4                            (abs)        043C
_TRISC5                            (abs)        043D
_TRISD                             (abs)        0088
_Temp                              dataBANK1    00E7
_TempDisplay                       text11       06EC
_TempSensor                        text30       08CC
_TempSet                           text10       0AE1
_Timer1Init                        text3        15AB
_Timer2Init                        text2        07F0
__Habs1                            abs1         0000
__Hbank0                           bank0        0000
__Hbank1                           bank1        0000
__Hbank2                           bank2        0000
__Hbank3                           bank3        0000
__HbssBANK1                        bssBANK1     0000
__HbssBANK3                        bssBANK3     0000
__Hcinit                           cinit        003D
__Hclrtext                         clrtext      0000
__Hcode                            code         0000
__Hcommon                          common       0000
__Hconfig                          config       2008
__HcstackBANK0                     cstackBANK0  0000
__HcstackBANK1                     cstackBANK1  0000
__HcstackCOMMON                    cstackCOMMON 0000
__HdataBANK1                       dataBANK1    0000
__Heeprom_data                     eeprom_data  0000
__Hend_init                        end_init     0019
__Hfunctab                         functab      0000
__HidataBANK1                      idataBANK1   0000
__Hinit                            init         0016
__Hinittext                        inittext     0000
__Hintentry                        intentry     0016
__Hmaintext                        maintext     0000
__Hpowerup                         powerup      0000
__Hram                             ram          0000
__Hreset_vec                       reset_vec    0003
__Hsfr0                            sfr0         0000
__Hsfr1                            sfr1         0000
__Hsfr2                            sfr2         0000
__Hsfr3                            sfr3         0000
__Hspace_0                         (abs)        1800
__Hspace_1                         (abs)        01B8
__Hspace_2                         (abs)        0000
__Hspace_3                         (abs)        0000
__Hspace_4                         (abs)        400F
__Hstack                           stack        0000
__Hstrings                         strings      0000
__Htext                            text         0000
__Labs1                            abs1         0000
__Lbank0                           bank0        0000
__Lbank1                           bank1        0000
__Lbank2                           bank2        0000
__Lbank3                           bank3        0000
__LbssBANK1                        bssBANK1     0000
__LbssBANK3                        bssBANK3     0000
__Lcinit                           cinit        0019
__Lclrtext                         clrtext      0000
__Lcode                            code         0000
__Lcommon                          common       0000
__Lconfig                          config       0000
__LcstackBANK0                     cstackBANK0  0000
__LcstackBANK1                     cstackBANK1  0000
__LcstackCOMMON                    cstackCOMMON 0000
__LdataBANK1                       dataBANK1    0000
__Leeprom_data                     eeprom_data  0000
__Lend_init                        end_init     0016
__Lfunctab                         functab      0000
__LidataBANK1                      idataBANK1   0000
__Linit                            init         0016
__Linittext                        inittext     0000
__Lintentry                        intentry     0004
__Lmaintext                        maintext     0000
__Lpowerup                         powerup      0000
__Lram                             ram          0000
__Lreset_vec                       reset_vec    0000
__Lsfr0                            sfr0         0000
__Lsfr1                            sfr1         0000
__Lsfr2                            sfr2         0000
__Lsfr3                            sfr3         0000
__Lspace_0                         (abs)        0000
__Lspace_1                         (abs)        0000
__Lspace_2                         (abs)        0000
__Lspace_3                         (abs)        0000
__Lspace_4                         (abs)        0000
__Lstack                           stack        0000
__Lstrings                         strings      0000
__Ltext                            text         0000
__S0                               (abs)        1800
__S1                               (abs)        01B8
__S2                               (abs)        0000
__S3                               (abs)        0000
__Umul8_16                         text32       168D
__Umul8_16@multiplicand            cstackCOMMON 0070
__Umul8_16@multiplier              cstackCOMMON 0078
__Umul8_16@product                 cstackCOMMON 0074
__Umul8_16@word_mpld               cstackCOMMON 0076
___fladd                           text38       039E
___fladd@a                         cstackCOMMON 0074
___fladd@aexp                      cstackCOMMON 0079
___fladd@b                         cstackCOMMON 0070
___fladd@bexp                      cstackCOMMON 007A
___fladd@grs                       cstackCOMMON 007B
___fladd@signs                     cstackCOMMON 0078
___fldiv                           text37       0BD5
___fldiv@a                         cstackBANK0  003A
___fldiv@aexp                      cstackBANK0  0053
___fldiv@b                         cstackBANK0  003E
___fldiv@bexp                      cstackBANK0  0052
___fldiv@grs                       cstackBANK0  004E
___fldiv@new_exp                   cstackBANK0  004C
___fldiv@rem                       cstackBANK0  0047
___fldiv@sign                      cstackBANK0  004B
___flmul                           text31       003D
___flmul@a                         cstackBANK0  0024
___flmul@aexp                      cstackBANK0  0032
___flmul@b                         cstackBANK0  0020
___flmul@bexp                      cstackBANK0  0033
___flmul@grs                       cstackBANK0  002E
___flmul@prod                      cstackBANK0  0034
___flmul@sign                      cstackBANK0  002D
___flmul@temp                      cstackBANK0  0038
___fltol                           text36       0B59
___fltol@exp1                      cstackBANK0  005D
___fltol@f1                        cstackBANK0  0054
___fltol@sign1                     cstackBANK0  005C
___int_sp                          stack        0000
___latbits                         (abs)        0002
___lldiv                           text14       0932
___lldiv@counter                   cstackBANK1  00B1
___lldiv@dividend                  cstackBANK1  00A8
___lldiv@divisor                   cstackBANK1  00A4
___lldiv@quotient                  cstackBANK1  00AD
___lwdiv                           text28       1761
___lwdiv@counter                   cstackBANK1  00AA
___lwdiv@dividend                  cstackBANK1  00A6
___lwdiv@divisor                   cstackBANK1  00A4
___lwdiv@quotient                  cstackBANK1  00A8
___lwmod                           text27       1725
___lwmod@counter                   cstackBANK1  00AF
___lwmod@dividend                  cstackBANK1  00AD
___lwmod@divisor                   cstackBANK1  00AB
___sp                              stack        0000
___stackhi                         (abs)        0000
___stacklo                         (abs)        0000
___xxtofl                          text35       0632
___xxtofl@arg                      cstackCOMMON 007A
___xxtofl@exp                      cstackCOMMON 0079
___xxtofl@sign                     cstackCOMMON 0078
___xxtofl@val                      cstackCOMMON 0070
__end_of_ADCInit                   text40       1560
__end_of_ADC_Read                  text39       1725
__end_of_AverageTemp               text33       1000
__end_of_ButtonsInit               text8        1547
__end_of_CurrentTempDisplay        text26       0A70
__end_of_EEPROM_Read               text17       0A04
__end_of_EEPROM_Write              text15       1800
__end_of_ElementInit               text7        1584
__end_of_FetchTemp                 text16       15E3
__end_of_HeatingCoolingElement     text25       08CC
__end_of_I2C_ACK                   text23       1590
__end_of_I2C_Master_Init           text13       16EA
__end_of_I2C_Master_RepeatedStart  text22       1569
__end_of_I2C_Master_Start          text21       1572
__end_of_I2C_Master_Stop           text20       157B
__end_of_I2C_Master_Wait           text24       159D
__end_of_I2C_Master_Write          text19       1629
__end_of_I2C_Read_Byte             text18       1610
__end_of_ISR                       text29       07F0
__end_of_LEDInit                   text6        0804
__end_of_OnOff_Int_Init            text5        154F
__end_of_SaveTemp                  text12       1669
__end_of_SettingMode               text9        0AE1
__end_of_SevenSegInit              text4        15F9
__end_of_SysInit                   text1        168D
__end_of_TempDisplay               text11       0770
__end_of_TempSensor                text30       0932
__end_of_TempSet                   text10       0B59
__end_of_Timer1Init                text3        15BC
__end_of_Timer2Init                text2        07FF
__end_of__Umul8_16                 text32       16B4
__end_of___fladd                   text38       0632
__end_of___fldiv                   text37       0DB2
__end_of___flmul                   text31       039E
__end_of___fltol                   text36       0BD5
__end_of___lldiv                   text14       099A
__end_of___lwdiv                   text28       17A7
__end_of___lwmod                   text27       1761
__end_of___xxtofl                  text35       06EC
__end_of__initialization           cinit        0039
__end_of_main                      maintext     1646
__end_ofi1_HeatingCoolingElement   text34       0867
__initialization                   cinit        0019
__pbssBANK1                        bssBANK1     00C9
__pbssBANK3                        bssBANK3     0190
__pcstackBANK0                     cstackBANK0  0020
__pcstackBANK1                     cstackBANK1  00A0
__pcstackCOMMON                    cstackCOMMON 0070
__pdataBANK1                       dataBANK1    00DB
__pidataBANK1                      idataBANK1   159D
__pintentry                        intentry     0004
__pmaintext                        maintext     1629
__ptext1                           text1        1669
__ptext10                          text10       0AE1
__ptext11                          text11       06EC
__ptext12                          text12       1646
__ptext13                          text13       16B4
__ptext14                          text14       0932
__ptext15                          text15       17A7
__ptext16                          text16       15CF
__ptext17                          text17       099A
__ptext18                          text18       15F9
__ptext19                          text19       1610
__ptext2                           text2        07F0
__ptext20                          text20       1572
__ptext21                          text21       1569
__ptext22                          text22       1560
__ptext23                          text23       1584
__ptext24                          text24       1590
__ptext25                          text25       0867
__ptext26                          text26       0A04
__ptext27                          text27       1725
__ptext28                          text28       1761
__ptext29                          text29       0770
__ptext3                           text3        15AB
__ptext30                          text30       08CC
__ptext31                          text31       003D
__ptext32                          text32       168D
__ptext33                          text33       0DB2
__ptext34                          text34       0804
__ptext35                          text35       0632
__ptext36                          text36       0B59
__ptext37                          text37       0BD5
__ptext38                          text38       039E
__ptext39                          text39       16EA
__ptext4                           text4        15E3
__ptext40                          text40       1557
__ptext5                           text5        1547
__ptext6                           text6        0800
__ptext7                           text7        157B
__ptext8                           text8        1541
__ptext9                           text9        0A70
__size_of_ADCInit                  (abs)        0000
__size_of_ADC_Read                 (abs)        0000
__size_of_AverageTemp              (abs)        0000
__size_of_ButtonsInit              (abs)        0000
__size_of_CurrentTempDisplay       (abs)        0000
__size_of_EEPROM_Read              (abs)        0000
__size_of_EEPROM_Write             (abs)        0000
__size_of_ElementInit              (abs)        0000
__size_of_FetchTemp                (abs)        0000
__size_of_HeatingCoolingElement    (abs)        0000
__size_of_I2C_ACK                  (abs)        0000
__size_of_I2C_Master_Init          (abs)        0000
__size_of_I2C_Master_RepeatedStart (abs)        0000
__size_of_I2C_Master_Start         (abs)        0000
__size_of_I2C_Master_Stop          (abs)        0000
__size_of_I2C_Master_Wait          (abs)        0000
__size_of_I2C_Master_Write         (abs)        0000
__size_of_I2C_Read_Byte            (abs)        0000
__size_of_ISR                      (abs)        0000
__size_of_LEDInit                  (abs)        0000
__size_of_OnOff_Int_Init           (abs)        0000
__size_of_SaveTemp                 (abs)        0000
__size_of_SettingMode              (abs)        0000
__size_of_SevenSegInit             (abs)        0000
__size_of_SysInit                  (abs)        0000
__size_of_TempDisplay              (abs)        0000
__size_of_TempSensor               (abs)        0000
__size_of_TempSet                  (abs)        0000
__size_of_Timer1Init               (abs)        0000
__size_of_Timer2Init               (abs)        0000
__size_of__Umul8_16                (abs)        0000
__size_of___fladd                  (abs)        0000
__size_of___fldiv                  (abs)        0000
__size_of___flmul                  (abs)        0000
__size_of___fltol                  (abs)        0000
__size_of___lldiv                  (abs)        0000
__size_of___lwdiv                  (abs)        0000
__size_of___lwmod                  (abs)        0000
__size_of___xxtofl                 (abs)        0000
__size_of_main                     (abs)        0000
__size_ofi1_HeatingCoolingElement  (abs)        0000
_averageTemp                       bssBANK1     00D5
_binary_pattern                    dataBANK1    00DB
_count                             bssBANK1     00CB
_currentTemp                       bssBANK1     00D7
_i                                 bssBANK1     00D3
_main                              maintext     1629
_s                                 bssBANK1     00CF
_value                             bssBANK1     00CD
_x                                 bssBANK1     00D1
btemp                              (abs)        007E
clear_ram0                         clrtext      154F
end_of_initialization              cinit        0039
i1_HeatingCoolingElement           text34       0804
init_fetch0                        inittext     15BC
init_ram0                          inittext     15C0
interrupt_function                 intentry     0004
intlevel0                          functab      0000
intlevel1                          functab      0000
intlevel2                          functab      0000
intlevel3                          functab      0000
intlevel4                          functab      0000
intlevel5                          functab      0000
reset_vec                          reset_vec    0000
saved_w                            (abs)        007E
start                              init         0016
start_initialization               cinit        0019
wtemp0                             (abs)        007E


FUNCTION INFORMATION:

 *************** function _main *****************
 Defined at:
		line 3 in file "main.c"
 Parameters:    Size  Location     Type
		None
 Auto vars:     Size  Location     Type
		None
 Return value:  Size  Location     Type
                  1    wreg      void 
 Registers used:
		wreg, fsr0l, fsr0h, status,2, status,0, btemp+1, pclath, cstack
 Tracked objects:
		On entry : 
		On exit  : 
		Unchanged: 
 Data sizes:     COMMON   BANK0   BANK1   BANK3   BANK2
      Params:         0       0       0       0       0
      Locals:         0       0       0       0       0
      Temps:          0       0       0       0       0
      Totals:         0       0       0       0       0
Total ram usage:        0 bytes
 Hardware stack levels required when called:   10
 This function calls:
		_CurrentTempDisplay
		_SettingMode
		_SysInit
 This function is called by:
		Startup code after reset
 This function uses a non-reentrant model


 *************** function _SysInit *****************
 Defined at:
		line 88 in file "./Init.h"
 Parameters:    Size  Location     Type
		None
 Auto vars:     Size  Location     Type
		None
 Return value:  Size  Location     Type
                  1    wreg      void 
 Registers used:
		wreg, status,2, status,0, btemp+1, pclath, cstack
 Tracked objects:
		On entry : 
		On exit  : 
		Unchanged: 
 Data sizes:     COMMON   BANK0   BANK1   BANK3   BANK2
      Params:         0       0       0       0       0
      Locals:         0       0       0       0       0
      Temps:          0       0       0       0       0
      Totals:         0       0       0       0       0
Total ram usage:        0 bytes
 Hardware stack levels used:    1
 Hardware stack levels required when called:    5
 This function calls:
		_ButtonsInit
		_ElementInit
		_LEDInit
		_OnOff_Int_Init
		_SevenSegInit
		_Timer1Init
		_Timer2Init
 This function is called by:
		_main
 This function uses a non-reentrant model


 *************** function _Timer2Init *****************
 Defined at:
		line 76 in file "./Init.h"
 Parameters:    Size  Location     Type
		None
 Auto vars:     Size  Location     Type
		None
 Return value:  Size  Location     Type
                  1    wreg      void 
 Registers used:
		wreg
 Tracked objects:
		On entry : 
		On exit  : 
		Unchanged: 
 Data sizes:     COMMON   BANK0   BANK1   BANK3   BANK2
      Params:         0       0       0       0       0
      Locals:         0       0       0       0       0
      Temps:          0       0       0       0       0
      Totals:         0       0       0       0       0
Total ram usage:        0 bytes
 Hardware stack levels used:    1
 Hardware stack levels required when called:    4
 This function calls:
		Nothing
 This function is called by:
		_SysInit
 This function uses a non-reentrant model


 *************** function _Timer1Init *****************
 Defined at:
		line 67 in file "./Init.h"
 Parameters:    Size  Location     Type
		None
 Auto vars:     Size  Location     Type
		None
 Return value:  Size  Location     Type
                  1    wreg      void 
 Registers used:
		wreg
 Tracked objects:
		On entry : 
		On exit  : 
		Unchanged: 
 Data sizes:     COMMON   BANK0   BANK1   BANK3   BANK2
      Params:         0       0       0       0       0
      Locals:         0       0       0       0       0
      Temps:          0       0       0       0       0
      Totals:         0       0       0       0       0
Total ram usage:        0 bytes
 Hardware stack levels used:    1
 Hardware stack levels required when called:    4
 This function calls:
		Nothing
 This function is called by:
		_SysInit
 This function uses a non-reentrant model


 *************** function _SevenSegInit *****************
 Defined at:
		line 48 in file "./Init.h"
 Parameters:    Size  Location     Type
		None
 Auto vars:     Size  Location     Type
		None
 Return value:  Size  Location     Type
                  1    wreg      void 
 Registers used:
		wreg, status,2
 Tracked objects:
		On entry : 
		On exit  : 
		Unchanged: 
 Data sizes:     COMMON   BANK0   BANK1   BANK3   BANK2
      Params:         0       0       0       0       0
      Locals:         0       0       0       0       0
      Temps:          0       0       0       0       0
      Totals:         0       0       0       0       0
Total ram usage:        0 bytes
 Hardware stack levels used:    1
 Hardware stack levels required when called:    4
 This function calls:
		Nothing
 This function is called by:
		_SysInit
 This function uses a non-reentrant model


 *************** function _OnOff_Int_Init *****************
 Defined at:
		line 84 in file "./Init.h"
 Parameters:    Size  Location     Type
		None
 Auto vars:     Size  Location     Type
		None
 Return value:  Size  Location     Type
                  1    wreg      void 
 Registers used:
		wreg, status,2, status,0, btemp+1
 Tracked objects:
		On entry : 
		On exit  : 
		Unchanged: 
 Data sizes:     COMMON   BANK0   BANK1   BANK3   BANK2
      Params:         0       0       0       0       0
      Locals:         0       0       0       0       0
      Temps:          0       0       0       0       0
      Totals:         0       0       0       0       0
Total ram usage:        0 bytes
 Hardware stack levels used:    1
 Hardware stack levels required when called:    4
 This function calls:
		Nothing
 This function is called by:
		_SysInit
 This function uses a non-reentrant model


 *************** function _LEDInit *****************
 Defined at:
		line 45 in file "./Init.h"
 Parameters:    Size  Location     Type
		None
 Auto vars:     Size  Location     Type
		None
 Return value:  Size  Location     Type
                  1    wreg      void 
 Registers used:
		None
 Tracked objects:
		On entry : 
		On exit  : 
		Unchanged: 
 Data sizes:     COMMON   BANK0   BANK1   BANK3   BANK2
      Params:         0       0       0       0       0
      Locals:         0       0       0       0       0
      Temps:          0       0       0       0       0
      Totals:         0       0       0       0       0
Total ram usage:        0 bytes
 Hardware stack levels used:    1
 Hardware stack levels required when called:    4
 This function calls:
		Nothing
 This function is called by:
		_SysInit
 This function uses a non-reentrant model


 *************** function _ElementInit *****************
 Defined at:
		line 61 in file "./Init.h"
 Parameters:    Size  Location     Type
		None
 Auto vars:     Size  Location     Type
		None
 Return value:  Size  Location     Type
                  1    wreg      void 
 Registers used:
		None
 Tracked objects:
		On entry : 
		On exit  : 
		Unchanged: 
 Data sizes:     COMMON   BANK0   BANK1   BANK3   BANK2
      Params:         0       0       0       0       0
      Locals:         0       0       0       0       0
      Temps:          0       0       0       0       0
      Totals:         0       0       0       0       0
Total ram usage:        0 bytes
 Hardware stack levels used:    1
 Hardware stack levels required when called:    4
 This function calls:
		Nothing
 This function is called by:
		_SysInit
 This function uses a non-reentrant model


 *************** function _ButtonsInit *****************
 Defined at:
		line 40 in file "./Init.h"
 Parameters:    Size  Location     Type
		None
 Auto vars:     Size  Location     Type
		None
 Return value:  Size  Location     Type
                  1    wreg      void 
 Registers used:
		None
 Tracked objects:
		On entry : 
		On exit  : 
		Unchanged: 
 Data sizes:     COMMON   BANK0   BANK1   BANK3   BANK2
      Params:         0       0       0       0       0
      Locals:         0       0       0       0       0
      Temps:          0       0       0       0       0
      Totals:         0       0       0       0       0
Total ram usage:        0 bytes
 Hardware stack levels used:    1
 Hardware stack levels required when called:    4
 This function calls:
		Nothing
 This function is called by:
		_SysInit
 This function uses a non-reentrant model


 *************** function _SettingMode *****************
 Defined at:
		line 116 in file "./Temperature.h"
 Parameters:    Size  Location     Type
		None
 Auto vars:     Size  Location     Type
  z               2   35[BANK1 ] int 
  k               2   39[BANK1 ] int 
  y               2   37[BANK1 ] int 
 Return value:  Size  Location     Type
                  1    wreg      void 
 Registers used:
		wreg, fsr0l, fsr0h, status,2, status,0, btemp+1, pclath, cstack
 Tracked objects:
		On entry : 
		On exit  : 
		Unchanged: 
 Data sizes:     COMMON   BANK0   BANK1   BANK3   BANK2
      Params:         0       0       0       0       0
      Locals:         0       0       6       0       0
      Temps:          0       0       3       0       0
      Totals:         0       0       9       0       0
Total ram usage:        9 bytes
 Hardware stack levels used:    1
 Hardware stack levels required when called:    9
 This function calls:
		_HeatingCoolingElement
		_TempDisplay
		_TempSet
 This function is called by:
		_main
 This function uses a non-reentrant model


 *************** function _TempSet *****************
 Defined at:
		line 64 in file "./Temperature.h"
 Parameters:    Size  Location     Type
		None
 Auto vars:     Size  Location     Type
		None
 Return value:  Size  Location     Type
                  2    4[BANK1 ] int 
 Registers used:
		wreg, status,2, status,0
 Tracked objects:
		On entry : 
		On exit  : 
		Unchanged: 
 Data sizes:     COMMON   BANK0   BANK1   BANK3   BANK2
      Params:         0       0       2       0       0
      Locals:         0       0       0       0       0
      Temps:          0       0       2       0       0
      Totals:         0       0       4       0       0
Total ram usage:        4 bytes
 Hardware stack levels used:    1
 Hardware stack levels required when called:    4
 This function calls:
		Nothing
 This function is called by:
		_SettingMode
 This function uses a non-reentrant model


 *************** function _TempDisplay *****************
 Defined at:
		line 31 in file "./Temperature.h"
 Parameters:    Size  Location     Type
		None
 Auto vars:     Size  Location     Type
  b               2   30[BANK1 ] unsigned int 
  a               2   28[BANK1 ] unsigned int 
 Return value:  Size  Location     Type
                  1    wreg      void 
 Registers used:
		wreg, fsr0l, fsr0h, status,2, status,0, btemp+1, pclath, cstack
 Tracked objects:
		On entry : 
		On exit  : 
		Unchanged: 
 Data sizes:     COMMON   BANK0   BANK1   BANK3   BANK2
      Params:         0       0       0       0       0
      Locals:         0       0       4       0       0
      Temps:          0       0       2       0       0
      Totals:         0       0       6       0       0
Total ram usage:        6 bytes
 Hardware stack levels used:    1
 Hardware stack levels required when called:    8
 This function calls:
		_FetchTemp
		_SaveTemp
		___lwdiv
		___lwmod
 This function is called by:
		_SettingMode
 This function uses a non-reentrant model


 *************** function _SaveTemp *****************
 Defined at:
		line 24 in file "./Temperature.h"
 Parameters:    Size  Location     Type
		None
 Auto vars:     Size  Location     Type
		None
 Return value:  Size  Location     Type
                  1    wreg      void 
 Registers used:
		wreg, fsr0l, fsr0h, status,2, status,0, btemp+1, pclath, cstack
 Tracked objects:
		On entry : 
		On exit  : 
		Unchanged: 
 Data sizes:     COMMON   BANK0   BANK1   BANK3   BANK2
      Params:         0       0       0       0       0
      Locals:         0       0       0       0       0
      Temps:          0       0       0       0       0
      Totals:         0       0       0       0       0
Total ram usage:        0 bytes
 Hardware stack levels used:    1
 Hardware stack levels required when called:    7
 This function calls:
		_EEPROM_Write
		_I2C_Master_Init
 This function is called by:
		_TempDisplay
 This function uses a non-reentrant model


 *************** function _I2C_Master_Init *****************
 Defined at:
		line 23 in file "./I2C_EEPROM.h"
 Parameters:    Size  Location     Type
  baud            4   18[BANK1 ] const unsigned long 
 Auto vars:     Size  Location     Type
		None
 Return value:  Size  Location     Type
                  1    wreg      void 
 Registers used:
		wreg, status,2, status,0, btemp+1, pclath, cstack
 Tracked objects:
		On entry : 
		On exit  : 
		Unchanged: 
 Data sizes:     COMMON   BANK0   BANK1   BANK3   BANK2
      Params:         0       0       4       0       0
      Locals:         0       0       0       0       0
      Temps:          0       0       4       0       0
      Totals:         0       0       8       0       0
Total ram usage:        8 bytes
 Hardware stack levels used:    1
 Hardware stack levels required when called:    5
 This function calls:
		___lldiv
 This function is called by:
		_SaveTemp
 This function uses a non-reentrant model


 *************** function ___lldiv *****************
 Defined at:
		line 5 in file "C:\Program Files\Microchip\xc8\v2.20\pic\sources\c90\common\__lldiv.c"
 Parameters:    Size  Location     Type
  divisor         4    4[BANK1 ] unsigned long 
  dividend        4    8[BANK1 ] unsigned long 
 Auto vars:     Size  Location     Type
  quotient        4   13[BANK1 ] unsigned long 
  counter         1   17[BANK1 ] unsigned char 
 Return value:  Size  Location     Type
                  4    4[BANK1 ] unsigned long 
 Registers used:
		wreg, status,2, status,0, btemp+1
 Tracked objects:
		On entry : 
		On exit  : 
		Unchanged: 
 Data sizes:     COMMON   BANK0   BANK1   BANK3   BANK2
      Params:         0       0       8       0       0
      Locals:         0       0       5       0       0
      Temps:          0       0       1       0       0
      Totals:         0       0      14       0       0
Total ram usage:       14 bytes
 Hardware stack levels used:    1
 Hardware stack levels required when called:    4
 This function calls:
		Nothing
 This function is called by:
		_I2C_Master_Init
 This function uses a non-reentrant model


 *************** function _EEPROM_Write *****************
 Defined at:
		line 72 in file "./I2C_EEPROM.h"
 Parameters:    Size  Location     Type
  add             2    5[BANK1 ] unsigned int 
  data            2    7[BANK1 ] PTR unsigned char 
		 -> RAM(512), 
  len             1    9[BANK1 ] unsigned char 
 Auto vars:     Size  Location     Type
  i               2   12[BANK1 ] unsigned int 
 Return value:  Size  Location     Type
                  1    wreg      void 
 Registers used:
		wreg, fsr0l, fsr0h, status,2, status,0, pclath, cstack
 Tracked objects:
		On entry : 
		On exit  : 
		Unchanged: 
 Data sizes:     COMMON   BANK0   BANK1   BANK3   BANK2
      Params:         0       0       5       0       0
      Locals:         0       0       2       0       0
      Temps:          0       0       2       0       0
      Totals:         0       0       9       0       0
Total ram usage:        9 bytes
 Hardware stack levels used:    1
 Hardware stack levels required when called:    6
 This function calls:
		_I2C_Master_RepeatedStart
		_I2C_Master_Start
		_I2C_Master_Stop
		_I2C_Master_Write
 This function is called by:
		_SaveTemp
 This function uses a non-reentrant model


 *************** function _FetchTemp *****************
 Defined at:
		line 28 in file "./Temperature.h"
 Parameters:    Size  Location     Type
		None
 Auto vars:     Size  Location     Type
		None
 Return value:  Size  Location     Type
                  1    wreg      void 
 Registers used:
		wreg, fsr0l, fsr0h, status,2, status,0, btemp+1, pclath, cstack
 Tracked objects:
		On entry : 
		On exit  : 
		Unchanged: 
 Data sizes:     COMMON   BANK0   BANK1   BANK3   BANK2
      Params:         0       0       0       0       0
      Locals:         0       0       0       0       0
      Temps:          0       0       0       0       0
      Totals:         0       0       0       0       0
Total ram usage:        0 bytes
 Hardware stack levels used:    1
 Hardware stack levels required when called:    7
 This function calls:
		_EEPROM_Read
 This function is called by:
		_TempDisplay
 This function uses a non-reentrant model


 *************** function _EEPROM_Read *****************
 Defined at:
		line 83 in file "./I2C_EEPROM.h"
 Parameters:    Size  Location     Type
  add             2    5[BANK1 ] unsigned int 
  data            2    7[BANK1 ] PTR unsigned char 
		 -> RAM(512), 
  len             2    9[BANK1 ] unsigned int 
 Auto vars:     Size  Location     Type
  i               2   13[BANK1 ] unsigned int 
 Return value:  Size  Location     Type
                  1    wreg      void 
 Registers used:
		wreg, fsr0l, fsr0h, status,2, status,0, btemp+1, pclath, cstack
 Tracked objects:
		On entry : 
		On exit  : 
		Unchanged: 
 Data sizes:     COMMON   BANK0   BANK1   BANK3   BANK2
      Params:         0       0       6       0       0
      Locals:         0       0       2       0       0
      Temps:          0       0       2       0       0
      Totals:         0       0      10       0       0
Total ram usage:       10 bytes
 Hardware stack levels used:    1
 Hardware stack levels required when called:    6
 This function calls:
		_I2C_ACK
		_I2C_Master_RepeatedStart
		_I2C_Master_Start
		_I2C_Master_Stop
		_I2C_Master_Write
		_I2C_Read_Byte
 This function is called by:
		_FetchTemp
 This function uses a non-reentrant model


 *************** function _I2C_Read_Byte *****************
 Defined at:
		line 53 in file "./I2C_EEPROM.h"
 Parameters:    Size  Location     Type
		None
 Auto vars:     Size  Location     Type
		None
 Return value:  Size  Location     Type
                  1    wreg      unsigned char 
 Registers used:
		wreg, status,2, status,0, pclath, cstack
 Tracked objects:
		On entry : 
		On exit  : 
		Unchanged: 
 Data sizes:     COMMON   BANK0   BANK1   BANK3   BANK2
      Params:         0       0       0       0       0
      Locals:         0       0       0       0       0
      Temps:          0       0       0       0       0
      Totals:         0       0       0       0       0
Total ram usage:        0 bytes
 Hardware stack levels used:    1
 Hardware stack levels required when called:    5
 This function calls:
		_I2C_Master_Wait
 This function is called by:
		_EEPROM_Read
 This function uses a non-reentrant model


 *************** function _I2C_Master_Write *****************
 Defined at:
		line 46 in file "./I2C_EEPROM.h"
 Parameters:    Size  Location     Type
  data            1    wreg     unsigned char 
 Auto vars:     Size  Location     Type
  data            1    4[BANK1 ] unsigned char 
 Return value:  Size  Location     Type
                  1    wreg      unsigned char 
 Registers used:
		wreg, status,2, status,0, pclath, cstack
 Tracked objects:
		On entry : 
		On exit  : 
		Unchanged: 
 Data sizes:     COMMON   BANK0   BANK1   BANK3   BANK2
      Params:         0       0       0       0       0
      Locals:         0       0       1       0       0
      Temps:          0       0       0       0       0
      Totals:         0       0       1       0       0
Total ram usage:        1 bytes
 Hardware stack levels used:    1
 Hardware stack levels required when called:    5
 This function calls:
		_I2C_Master_Wait
 This function is called by:
		_EEPROM_Write
		_EEPROM_Read
 This function uses a non-reentrant model


 *************** function _I2C_Master_Stop *****************
 Defined at:
		line 42 in file "./I2C_EEPROM.h"
 Parameters:    Size  Location     Type
		None
 Auto vars:     Size  Location     Type
		None
 Return value:  Size  Location     Type
                  1    wreg      void 
 Registers used:
		wreg, status,2, status,0, pclath, cstack
 Tracked objects:
		On entry : 
		On exit  : 
		Unchanged: 
 Data sizes:     COMMON   BANK0   BANK1   BANK3   BANK2
      Params:         0       0       0       0       0
      Locals:         0       0       0       0       0
      Temps:          0       0       0       0       0
      Totals:         0       0       0       0       0
Total ram usage:        0 bytes
 Hardware stack levels used:    1
 Hardware stack levels required when called:    5
 This function calls:
		_I2C_Master_Wait
 This function is called by:
		_EEPROM_Write
		_EEPROM_Read
 This function uses a non-reentrant model


 *************** function _I2C_Master_Start *****************
 Defined at:
		line 34 in file "./I2C_EEPROM.h"
 Parameters:    Size  Location     Type
		None
 Auto vars:     Size  Location     Type
		None
 Return value:  Size  Location     Type
                  1    wreg      void 
 Registers used:
		wreg, status,2, status,0, pclath, cstack
 Tracked objects:
		On entry : 
		On exit  : 
		Unchanged: 
 Data sizes:     COMMON   BANK0   BANK1   BANK3   BANK2
      Params:         0       0       0       0       0
      Locals:         0       0       0       0       0
      Temps:          0       0       0       0       0
      Totals:         0       0       0       0       0
Total ram usage:        0 bytes
 Hardware stack levels used:    1
 Hardware stack levels required when called:    5
 This function calls:
		_I2C_Master_Wait
 This function is called by:
		_EEPROM_Write
		_EEPROM_Read
 This function uses a non-reentrant model


 *************** function _I2C_Master_RepeatedStart *****************
 Defined at:
		line 38 in file "./I2C_EEPROM.h"
 Parameters:    Size  Location     Type
		None
 Auto vars:     Size  Location     Type
		None
 Return value:  Size  Location     Type
                  1    wreg      void 
 Registers used:
		wreg, status,2, status,0, pclath, cstack
 Tracked objects:
		On entry : 
		On exit  : 
		Unchanged: 
 Data sizes:     COMMON   BANK0   BANK1   BANK3   BANK2
      Params:         0       0       0       0       0
      Locals:         0       0       0       0       0
      Temps:          0       0       0       0       0
      Totals:         0       0       0       0       0
Total ram usage:        0 bytes
 Hardware stack levels used:    1
 Hardware stack levels required when called:    5
 This function calls:
		_I2C_Master_Wait
 This function is called by:
		_EEPROM_Write
		_EEPROM_Read
 This function uses a non-reentrant model


 *************** function _I2C_ACK *****************
 Defined at:
		line 62 in file "./I2C_EEPROM.h"
 Parameters:    Size  Location     Type
		None
 Auto vars:     Size  Location     Type
		None
 Return value:  Size  Location     Type
                  1    wreg      void 
 Registers used:
		wreg, status,2, status,0, pclath, cstack
 Tracked objects:
		On entry : 
		On exit  : 
		Unchanged: 
 Data sizes:     COMMON   BANK0   BANK1   BANK3   BANK2
      Params:         0       0       0       0       0
      Locals:         0       0       0       0       0
      Temps:          0       0       0       0       0
      Totals:         0       0       0       0       0
Total ram usage:        0 bytes
 Hardware stack levels used:    1
 Hardware stack levels required when called:    5
 This function calls:
		_I2C_Master_Wait
 This function is called by:
		_EEPROM_Read
 This function uses a non-reentrant model


 *************** function _I2C_Master_Wait *****************
 Defined at:
		line 31 in file "./I2C_EEPROM.h"
 Parameters:    Size  Location     Type
		None
 Auto vars:     Size  Location     Type
		None
 Return value:  Size  Location     Type
                  1    wreg      void 
 Registers used:
		wreg, status,2
 Tracked objects:
		On entry : 
		On exit  : 
		Unchanged: 
 Data sizes:     COMMON   BANK0   BANK1   BANK3   BANK2
      Params:         0       0       0       0       0
      Locals:         0       0       0       0       0
      Temps:          0       0       0       0       0
      Totals:         0       0       0       0       0
Total ram usage:        0 bytes
 Hardware stack levels used:    1
 Hardware stack levels required when called:    4
 This function calls:
		Nothing
 This function is called by:
		_I2C_Master_Start
		_I2C_Master_RepeatedStart
		_I2C_Master_Stop
		_I2C_Master_Write
		_I2C_Read_Byte
		_I2C_ACK
		_I2C_NACK
 This function uses a non-reentrant model


 *************** function _HeatingCoolingElement *****************
 Defined at:
		line 135 in file "./Temperature.h"
 Parameters:    Size  Location     Type
		None
 Auto vars:     Size  Location     Type
		None
 Return value:  Size  Location     Type
                  1    wreg      void 
 Registers used:
		wreg, status,2, status,0
 Tracked objects:
		On entry : 
		On exit  : 
		Unchanged: 
 Data sizes:     COMMON   BANK0   BANK1   BANK3   BANK2
      Params:         0       0       0       0       0
      Locals:         0       0       0       0       0
      Temps:          0       0       2       0       0
      Totals:         0       0       2       0       0
Total ram usage:        2 bytes
 Hardware stack levels used:    1
 Hardware stack levels required when called:    4
 This function calls:
		Nothing
 This function is called by:
		_SettingMode
 This function uses a non-reentrant model


 *************** function _CurrentTempDisplay *****************
 Defined at:
		line 50 in file "./Temperature.h"
 Parameters:    Size  Location     Type
		None
 Auto vars:     Size  Location     Type
  b               2   20[BANK1 ] unsigned int 
  a               2   18[BANK1 ] unsigned int 
 Return value:  Size  Location     Type
                  1    wreg      void 
 Registers used:
		wreg, fsr0l, fsr0h, status,2, status,0, btemp+1, pclath, cstack
 Tracked objects:
		On entry : 
		On exit  : 
		Unchanged: 
 Data sizes:     COMMON   BANK0   BANK1   BANK3   BANK2
      Params:         0       0       0       0       0
      Locals:         0       0       4       0       0
      Temps:          0       0       2       0       0
      Totals:         0       0       6       0       0
Total ram usage:        6 bytes
 Hardware stack levels used:    1
 Hardware stack levels required when called:    5
 This function calls:
		___lwdiv
		___lwmod
 This function is called by:
		_main
 This function uses a non-reentrant model


 *************** function ___lwmod *****************
 Defined at:
		line 5 in file "C:\Program Files\Microchip\xc8\v2.20\pic\sources\c90\common\lwmod.c"
 Parameters:    Size  Location     Type
  divisor         2   11[BANK1 ] unsigned int 
  dividend        2   13[BANK1 ] unsigned int 
 Auto vars:     Size  Location     Type
  counter         1   15[BANK1 ] unsigned char 
 Return value:  Size  Location     Type
                  2   11[BANK1 ] unsigned int 
 Registers used:
		wreg, status,2, status,0, btemp+1
 Tracked objects:
		On entry : 
		On exit  : 
		Unchanged: 
 Data sizes:     COMMON   BANK0   BANK1   BANK3   BANK2
      Params:         0       0       4       0       0
      Locals:         0       0       1       0       0
      Temps:          0       0       0       0       0
      Totals:         0       0       5       0       0
Total ram usage:        5 bytes
 Hardware stack levels used:    1
 Hardware stack levels required when called:    4
 This function calls:
		Nothing
 This function is called by:
		_TempDisplay
		_CurrentTempDisplay
 This function uses a non-reentrant model


 *************** function ___lwdiv *****************
 Defined at:
		line 5 in file "C:\Program Files\Microchip\xc8\v2.20\pic\sources\c90\common\lwdiv.c"
 Parameters:    Size  Location     Type
  divisor         2    4[BANK1 ] unsigned int 
  dividend        2    6[BANK1 ] unsigned int 
 Auto vars:     Size  Location     Type
  quotient        2    8[BANK1 ] unsigned int 
  counter         1   10[BANK1 ] unsigned char 
 Return value:  Size  Location     Type
                  2    4[BANK1 ] unsigned int 
 Registers used:
		wreg, status,2, status,0, btemp+1
 Tracked objects:
		On entry : 
		On exit  : 
		Unchanged: 
 Data sizes:     COMMON   BANK0   BANK1   BANK3   BANK2
      Params:         0       0       4       0       0
      Locals:         0       0       3       0       0
      Temps:          0       0       0       0       0
      Totals:         0       0       7       0       0
Total ram usage:        7 bytes
 Hardware stack levels used:    1
 Hardware stack levels required when called:    4
 This function calls:
		Nothing
 This function is called by:
		_TempDisplay
		_CurrentTempDisplay
 This function uses a non-reentrant model


 *************** function _ISR *****************
 Defined at:
		line 12 in file "./ISRs.h"
 Parameters:    Size  Location     Type
		None
 Auto vars:     Size  Location     Type
		None
 Return value:  Size  Location     Type
                  1    wreg      void 
 Registers used:
		wreg, fsr0l, fsr0h, status,2, status,0, btemp+1, pclath, cstack
 Tracked objects:
		On entry : 
		On exit  : 
		Unchanged: 
 Data sizes:     COMMON   BANK0   BANK1   BANK3   BANK2
      Params:         0       0       0       0       0
      Locals:         0       0       0       0       0
      Temps:          0       0       4       0       0
      Totals:         0       0       4       0       0
Total ram usage:        4 bytes
 Hardware stack levels used:    1
 Hardware stack levels required when called:    3
 This function calls:
		_TempSensor
 This function is called by:
		Interrupt level 1
 This function uses a non-reentrant model


 *************** function _TempSensor *****************
 Defined at:
		line 111 in file "./Temperature.h"
 Parameters:    Size  Location     Type
		None
 Auto vars:     Size  Location     Type
		None
 Return value:  Size  Location     Type
                  1    wreg      void 
 Registers used:
		wreg, fsr0l, fsr0h, status,2, status,0, btemp+1, pclath, cstack
 Tracked objects:
		On entry : 
		On exit  : 
		Unchanged: 
 Data sizes:     COMMON   BANK0   BANK1   BANK3   BANK2
      Params:         0       0       0       0       0
      Locals:         0       0       0       0       0
      Temps:          0       0       0       0       0
      Totals:         0       0       0       0       0
Total ram usage:        0 bytes
 Hardware stack levels used:    1
 Hardware stack levels required when called:    2
 This function calls:
		_ADC_Read
		_AverageTemp
		___fldiv
		___flmul
		___fltol
		___xxtofl
 This function is called by:
		_ISR
 This function uses a non-reentrant model


 *************** function ___flmul *****************
 Defined at:
		line 8 in file "C:\Program Files\Microchip\xc8\v2.20\pic\sources\c90\common\sprcmul.c"
 Parameters:    Size  Location     Type
  b               4    0[BANK0 ] void 
  a               4    4[BANK0 ] void 
 Auto vars:     Size  Location     Type
  prod            4   20[BANK0 ] struct .
  grs             4   14[BANK0 ] unsigned long 
  temp            2   24[BANK0 ] struct .
  bexp            1   19[BANK0 ] unsigned char 
  aexp            1   18[BANK0 ] unsigned char 
  sign            1   13[BANK0 ] unsigned char 
 Return value:  Size  Location     Type
                  4    0[BANK0 ] unsigned char 
 Registers used:
		wreg, status,2, status,0, btemp+1, pclath, cstack
 Tracked objects:
		On entry : 
		On exit  : 
		Unchanged: 
 Data sizes:     COMMON   BANK0   BANK1   BANK3   BANK2
      Params:         0       8       0       0       0
      Locals:         0      13       0       0       0
      Temps:          0       5       0       0       0
      Totals:         0      26       0       0       0
Total ram usage:       26 bytes
 Hardware stack levels used:    1
 Hardware stack levels required when called:    1
 This function calls:
		__Umul8_16
 This function is called by:
		_TempSensor
 This function uses a non-reentrant model


 *************** function __Umul8_16 *****************
 Defined at:
		line 4 in file "C:\Program Files\Microchip\xc8\v2.20\pic\sources\c90\common\Umul8_16.c"
 Parameters:    Size  Location     Type
  multiplier      1    wreg     unsigned char 
  multiplicand    1    0[COMMON] unsigned char 
 Auto vars:     Size  Location     Type
  multiplier      1    8[COMMON] unsigned char 
  word_mpld       2    6[COMMON] unsigned int 
  product         2    4[COMMON] unsigned int 
 Return value:  Size  Location     Type
                  2    0[COMMON] unsigned int 
 Registers used:
		wreg, status,2, status,0
 Tracked objects:
		On entry : 
		On exit  : 
		Unchanged: 
 Data sizes:     COMMON   BANK0   BANK1   BANK3   BANK2
      Params:         2       0       0       0       0
      Locals:         5       0       0       0       0
      Temps:          2       0       0       0       0
      Totals:         9       0       0       0       0
Total ram usage:        9 bytes
 Hardware stack levels used:    1
 This function calls:
		Nothing
 This function is called by:
		___flmul
 This function uses a non-reentrant model


 *************** function _AverageTemp *****************
 Defined at:
		line 85 in file "./Temperature.h"
 Parameters:    Size  Location     Type
		None
 Auto vars:     Size  Location     Type
  j               2   73[BANK0 ] int 
  j               2   71[BANK0 ] int 
  j               2   65[BANK0 ] int 
  tmp             4   75[BANK0 ] float 
  reading         4   67[BANK0 ] float 
 Return value:  Size  Location     Type
                  1    wreg      void 
 Registers used:
		wreg, fsr0l, fsr0h, status,2, status,0, btemp+1, pclath, cstack
 Tracked objects:
		On entry : 
		On exit  : 
		Unchanged: 
 Data sizes:     COMMON   BANK0   BANK1   BANK3   BANK2
      Params:         0       0       0       0       0
      Locals:         0      14       0       0       0
      Temps:          0       3       0       0       0
      Totals:         0      17       0       0       0
Total ram usage:       17 bytes
 Hardware stack levels used:    1
 Hardware stack levels required when called:    1
 This function calls:
		___fladd
		___fldiv
		___fltol
		___xxtofl
		i1_HeatingCoolingElement
 This function is called by:
		_TempSensor
 This function uses a non-reentrant model


 *************** function i1_HeatingCoolingElement *****************
 Defined at:
		line 135 in file "./Temperature.h"
 Parameters:    Size  Location     Type
		None
 Auto vars:     Size  Location     Type
		None
 Return value:  Size  Location     Type
                  1    wreg      void 
 Registers used:
		wreg, status,2, status,0
 Tracked objects:
		On entry : 
		On exit  : 
		Unchanged: 
 Data sizes:     COMMON   BANK0   BANK1   BANK3   BANK2
      Params:         0       0       0       0       0
      Locals:         0       0       0       0       0
      Temps:          2       0       0       0       0
      Totals:         2       0       0       0       0
Total ram usage:        2 bytes
 Hardware stack levels used:    1
 This function calls:
		Nothing
 This function is called by:
		_AverageTemp
 This function uses a non-reentrant model


 *************** function ___xxtofl *****************
 Defined at:
		line 10 in file "C:\Program Files\Microchip\xc8\v2.20\pic\sources\c90\common\xxtofl.c"
 Parameters:    Size  Location     Type
  sign            1    wreg     unsigned char 
  val             4    0[COMMON] long 
 Auto vars:     Size  Location     Type
  sign            1    8[COMMON] unsigned char 
  arg             4   10[COMMON] unsigned long 
  exp             1    9[COMMON] unsigned char 
 Return value:  Size  Location     Type
                  4    0[COMMON] unsigned char 
 Registers used:
		wreg, status,2, status,0, btemp+1
 Tracked objects:
		On entry : 
		On exit  : 
		Unchanged: 
 Data sizes:     COMMON   BANK0   BANK1   BANK3   BANK2
      Params:         4       0       0       0       0
      Locals:         6       0       0       0       0
      Temps:          4       0       0       0       0
      Totals:        14       0       0       0       0
Total ram usage:       14 bytes
 Hardware stack levels used:    1
 This function calls:
		Nothing
 This function is called by:
		_AverageTemp
		_TempSensor
 This function uses a non-reentrant model


 *************** function ___fltol *****************
 Defined at:
		line 43 in file "C:\Program Files\Microchip\xc8\v2.20\pic\sources\c90\common\fltol.c"
 Parameters:    Size  Location     Type
  f1              4   52[BANK0 ] unsigned char 
 Auto vars:     Size  Location     Type
  exp1            1   61[BANK0 ] unsigned char 
  sign1           1   60[BANK0 ] unsigned char 
 Return value:  Size  Location     Type
                  4   52[BANK0 ] long 
 Registers used:
		wreg, status,2, status,0, btemp+1
 Tracked objects:
		On entry : 
		On exit  : 
		Unchanged: 
 Data sizes:     COMMON   BANK0   BANK1   BANK3   BANK2
      Params:         0       4       0       0       0
      Locals:         0       2       0       0       0
      Temps:          0       4       0       0       0
      Totals:         0      10       0       0       0
Total ram usage:       10 bytes
 Hardware stack levels used:    1
 This function calls:
		Nothing
 This function is called by:
		_AverageTemp
		_TempSensor
 This function uses a non-reentrant model


 *************** function ___fldiv *****************
 Defined at:
		line 8 in file "C:\Program Files\Microchip\xc8\v2.20\pic\sources\c90\common\sprcdiv.c"
 Parameters:    Size  Location     Type
  a               4   26[BANK0 ] long 
  b               4   30[BANK0 ] long 
 Auto vars:     Size  Location     Type
  grs             4   46[BANK0 ] unsigned long 
  rem             4   39[BANK0 ] unsigned long 
  new_exp         2   44[BANK0 ] int 
  aexp            1   51[BANK0 ] unsigned char 
  bexp            1   50[BANK0 ] unsigned char 
  sign            1   43[BANK0 ] unsigned char 
 Return value:  Size  Location     Type
                  4   26[BANK0 ] unsigned char 
 Registers used:
		wreg, status,2, status,0, btemp+1
 Tracked objects:
		On entry : 
		On exit  : 
		Unchanged: 
 Data sizes:     COMMON   BANK0   BANK1   BANK3   BANK2
      Params:         0       8       0       0       0
      Locals:         0      13       0       0       0
      Temps:          0       5       0       0       0
      Totals:         0      26       0       0       0
Total ram usage:       26 bytes
 Hardware stack levels used:    1
 This function calls:
		Nothing
 This function is called by:
		_AverageTemp
		_TempSensor
 This function uses a non-reentrant model


 *************** function ___fladd *****************
 Defined at:
		line 10 in file "C:\Program Files\Microchip\xc8\v2.20\pic\sources\c90\common\sprcadd.c"
 Parameters:    Size  Location     Type
  b               4    0[COMMON] unsigned char 
  a               4    4[COMMON] unsigned char 
 Auto vars:     Size  Location     Type
  grs             1   11[COMMON] unsigned char 
  bexp            1   10[COMMON] unsigned char 
  aexp            1    9[COMMON] unsigned char 
  signs           1    8[COMMON] unsigned char 
 Return value:  Size  Location     Type
                  4    0[COMMON] unsigned char 
 Registers used:
		wreg, status,2, status,0, btemp+1
 Tracked objects:
		On entry : 
		On exit  : 
		Unchanged: 
 Data sizes:     COMMON   BANK0   BANK1   BANK3   BANK2
      Params:         8       0       0       0       0
      Locals:         4       0       0       0       0
      Temps:          0       8       0       0       0
      Totals:        12       8       0       0       0
Total ram usage:       20 bytes
 Hardware stack levels used:    1
 This function calls:
		Nothing
 This function is called by:
		_AverageTemp
 This function uses a non-reentrant model


 *************** function _ADC_Read *****************
 Defined at:
		line 11 in file "./ADC.h"
 Parameters:    Size  Location     Type
		None
 Auto vars:     Size  Location     Type
		None
 Return value:  Size  Location     Type
                  2    0[COMMON] unsigned int 
 Registers used:
		wreg, status,2, status,0, pclath, cstack
 Tracked objects:
		On entry : 
		On exit  : 
		Unchanged: 
 Data sizes:     COMMON   BANK0   BANK1   BANK3   BANK2
      Params:         2       0       0       0       0
      Locals:         0       0       0       0       0
      Temps:          7       0       0       0       0
      Totals:         9       0       0       0       0
Total ram usage:        9 bytes
 Hardware stack levels used:    1
 Hardware stack levels required when called:    1
 This function calls:
		_ADCInit
 This function is called by:
		_TempSensor
 This function uses a non-reentrant model


 *************** function _ADCInit *****************
 Defined at:
		line 57 in file "./Init.h"
 Parameters:    Size  Location     Type
		None
 Auto vars:     Size  Location     Type
		None
 Return value:  Size  Location     Type
                  1    wreg      void 
 Registers used:
		wreg
 Tracked objects:
		On entry : 
		On exit  : 
		Unchanged: 
 Data sizes:     COMMON   BANK0   BANK1   BANK3   BANK2
      Params:         0       0       0       0       0
      Locals:         0       0       0       0       0
      Temps:          0       0       0       0       0
      Totals:         0       0       0       0       0
Total ram usage:        0 bytes
 Hardware stack levels used:    1
 This function calls:
		Nothing
 This function is called by:
		_ADC_Read
 This function uses a non-reentrant model



MODULE INFORMATION

Module		Function		Class		Link	Load	Size
./ISRs.h
		_ISR           		CODE           	0770	0000	129

./ISRs.h estimated size: 129

C:\Program Files\Microchip\xc8\v2.20\pic\sources\c90\common\__lldiv.c
		___lldiv       		CODE           	0932	0000	105

C:\Program Files\Microchip\xc8\v2.20\pic\sources\c90\common\__lldiv.c estimated size: 105

./ADC.h
		_ADC_Read      		CODE           	16EA	0000	60

./ADC.h estimated size: 60

C:\Program Files\Microchip\xc8\v2.20\pic\sources\c90\common\Umul8_16.c
		__Umul8_16     		CODE           	168D	0000	40

C:\Program Files\Microchip\xc8\v2.20\pic\sources\c90\common\Umul8_16.c estimated size: 40

C:\Program Files\Microchip\xc8\v2.20\pic\sources\c90\common\sprcadd.c
		___fladd       		CODE           	039E	0000	661

C:\Program Files\Microchip\xc8\v2.20\pic\sources\c90\common\sprcadd.c estimated size: 661

C:\Program Files\Microchip\xc8\v2.20\pic\sources\c90\common\xxtofl.c
		___xxtofl      		CODE           	0632	0000	187

C:\Program Files\Microchip\xc8\v2.20\pic\sources\c90\common\xxtofl.c estimated size: 187

C:\Program Files\Microchip\xc8\v2.20\pic\sources\c90\common\lwmod.c
		___lwmod       		CODE           	1725	0000	61

C:\Program Files\Microchip\xc8\v2.20\pic\sources\c90\common\lwmod.c estimated size: 61

./Temperature.h
		_AverageTemp   		CODE           	0DB2	0000	591
		_HeatingCoolingElement		CODE           	0867	0000	102
		_TempSensor    		CODE           	08CC	0000	103
		_TempSet       		CODE           	0AE1	0000	121
		_TempDisplay   		CODE           	06EC	0000	133
		_FetchTemp     		CODE           	15CF	0000	21
		_CurrentTempDisplay		CODE           	0A04	0000	109
		_SettingMode   		CODE           	0A70	0000	114
		_SaveTemp      		CODE           	1646	0000	36

./Temperature.h estimated size: 1330

shared
		i1_HeatingCoolingElement		CODE           	0804	0000	100
		__initialization		CODE           	0019	0000	33

shared estimated size: 133

C:\Program Files\Microchip\xc8\v2.20\pic\sources\c90\common\lwdiv.c
		___lwdiv       		CODE           	1761	0000	71

C:\Program Files\Microchip\xc8\v2.20\pic\sources\c90\common\lwdiv.c estimated size: 71

C:\Program Files\Microchip\xc8\v2.20\pic\sources\c90\common\fltol.c
		___fltol       		CODE           	0B59	0000	125

C:\Program Files\Microchip\xc8\v2.20\pic\sources\c90\common\fltol.c estimated size: 125

C:\Program Files\Microchip\xc8\v2.20\pic\sources\c90\common\sprcmul.c
		___flmul       		CODE           	003D	0000	866

C:\Program Files\Microchip\xc8\v2.20\pic\sources\c90\common\sprcmul.c estimated size: 866

./Init.h
		_OnOff_Int_Init		CODE           	1547	0000	9
		_ADCInit       		CODE           	1557	0000	10
		_Timer1Init    		CODE           	15AB	0000	18
		_ButtonsInit   		CODE           	1541	0000	7
		_LEDInit       		CODE           	0800	0000	5
		_SysInit       		CODE           	1669	0000	37
		_Timer2Init    		CODE           	07F0	0000	16
		_ElementInit   		CODE           	157B	0000	10
		_SevenSegInit  		CODE           	15E3	0000	23

./Init.h estimated size: 135

main.c
		_main          		CODE           	1629	0000	30

main.c estimated size: 30

C:\Program Files\Microchip\xc8\v2.20\pic\sources\c90\common\sprcdiv.c
		___fldiv       		CODE           	0BD5	0000	478

C:\Program Files\Microchip\xc8\v2.20\pic\sources\c90\common\sprcdiv.c estimated size: 478

./I2C_EEPROM.h
		_EEPROM_Read   		CODE           	099A	0000	107
		_I2C_Master_Wait		CODE           	1590	0000	14
		_EEPROM_Write  		CODE           	17A7	0000	90
		_I2C_Master_Init		CODE           	16B4	0000	55
		_I2C_Master_Stop		CODE           	1572	0000	10
		_I2C_Master_RepeatedStart		CODE           	1560	0000	10
		_I2C_Read_Byte 		CODE           	15F9	0000	24
		_I2C_ACK       		CODE           	1584	0000	13
		_I2C_Master_Write		CODE           	1610	0000	26
		_I2C_Master_Start		CODE           	1569	0000	10

./I2C_EEPROM.h estimated size: 359

